// Jest Snapshot v1, https://goo.gl/fbAQLP

exports[`ProductListing Can render Product List 123 1`] = `
<div
  class="container"
>
  <div
    class="sc-AxhCb ccMvAG row mx-gutters-5"
  >
    <div
      class="sc-AxjAm gxygnu col-sm-6 col-lg-4 mb-9"
    >
      <a
        class="d-block text-dark text-center transition-3d-hover"
        href="/products/1"
      >
        <img
          alt="Khoa Product"
          class="img-fluid rounded"
          src="/media/product_images/12312321"
        />
        <span
          class="pt-4 px-4"
        >
          <h2
            class="h5 mb-1"
          >
            Khoa Product
          </h2>
          <span
            class="d-block"
          >
            4321
          </span>
        </span>
      </a>
    </div>
    <div
      class="sc-AxjAm gxygnu col-sm-6 col-lg-4 mb-9"
    >
      <a
        class="d-block text-dark text-center transition-3d-hover"
        href="/products/2"
      >
        <img
          alt="Khoa Product 1"
          class="img-fluid rounded"
          src="/media/product_images/12312123321"
        />
        <span
          class="pt-4 px-4"
        >
          <h2
            class="h5 mb-1"
          >
            Khoa Product 1
          </h2>
          <span
            class="d-block"
          >
            11
          </span>
        </span>
      </a>
    </div>
  </div>
  <div
    class="sc-AxiKw cxroOZ"
  >
    <nav
      aria-label="Page navigation"
    >
      <ul
        class="pagination mb-0"
      />
    </nav>
  </div>
</div>
`;
